// Jest Snapshot v1, https://goo.gl/fbAQLP

exports[`AccountCardAlt renders the card 1`] = `
.c0 {
  min-width: 0;
  box-sizing: border-box;
  margin: 8px;
  display: inline-block;
}

.c1 {
  min-width: 0;
  box-sizing: border-box;
  border: 1px solid;
  border-radius: 4px;
  border-width: 1px;
  padding: 16px;
  opacity: 1;
  background-color: #5E26FF;
  color: #E0D7FE;
  display: -webkit-box;
  display: -webkit-flex;
  display: -ms-flexbox;
  display: flex;
  width: 300px;
  overflow: hidden;
  height: 300px;
  -webkit-flex-direction: column;
  -ms-flex-direction: column;
  flex-direction: column;
  -webkit-box-pack: justify;
  -webkit-justify-content: space-between;
  -ms-flex-pack: justify;
  justify-content: space-between;
}

.c3 {
  min-width: 0;
  box-sizing: border-box;
  display: -webkit-box;
  display: -webkit-flex;
  display: -ms-flexbox;
  display: flex;
  -webkit-align-items: center;
  -webkit-box-align: center;
  -ms-flex-align: center;
  align-items: center;
  -webkit-box-pack: start;
  -webkit-justify-content: flex-start;
  -ms-flex-pack: start;
  justify-content: flex-start;
}

.c4 {
  min-width: 0;
  box-sizing: border-box;
  border-width: 0.1875rem;
  border-style: solid;
  margin-right: 16px;
  color: #E0D7FE;
  display: -webkit-box;
  display: -webkit-flex;
  display: -ms-flexbox;
  display: flex;
  width: 48px;
  height: 48px;
  -webkit-align-items: center;
  -webkit-box-align: center;
  -ms-flex-align: center;
  align-items: center;
  -webkit-box-pack: center;
  -webkit-justify-content: center;
  -ms-flex-pack: center;
  justify-content: center;
}

.c6 {
  min-width: 0;
  box-sizing: border-box;
  display: -webkit-box;
  display: -webkit-flex;
  display: -ms-flexbox;
  display: flex;
  -webkit-flex-direction: column;
  -ms-flex-direction: column;
  flex-direction: column;
}

.c5 {
  font-family: "RT-Alias-Medium","system-ui","Segoe UI","Roboto",Helvetica;
  font-weight: 700;
  font-size: 1.5rem;
}

.c8 {
  font-size: 1.5rem;
  font-weight: 400;
  line-height: 1.2;
  font-family: RT-Alias-Grotesk;
  margin: 0;
  margin-top: 0;
  margin-bottom: 0;
}

.c7 {
  font-size: 1.25rem;
  font-weight: 400;
  line-height: 1.4;
  font-family: RT-Alias-Grotesk;
  margin-top: 0;
  margin-bottom: 0;
}

.c2 {
  -webkit-transition: 0.2s ease-in-out;
  transition: 0.2s ease-in-out;
  cursor: pointer;
}

.c2:hover {
  opacity: 1;
}

<div
  class="c0"
  display="inline-block"
>
  <div
    class="c1 c2"
    color="card.account.color"
    display="flex"
    height="11"
    opacity="1"
    overflow="hidden"
    width="11"
  >
    <div
      class="c3"
      display="flex"
    >
      <div
        class="c4"
        color="card.account.color"
        display="flex"
        size="6"
      >
        <h3
          class="c5"
        >
          1
        </h3>
      </div>
      <div
        class="c6"
        display="flex"
      >
        <p
          class="c7"
          font-family="RT-Alias-Grotesk"
          font-size="3"
          font-weight="400"
        >
          Address
        </p>
        <h2
          class="c8"
          font-family="RT-Alias-Grotesk"
          font-size="4"
          font-weight="400"
        >
          t0123 ... 6789
        </h2>
      </div>
    </div>
    <div
      class="c6"
      display="flex"
    >
      <p
        class="c7"
        font-family="RT-Alias-Grotesk"
        font-size="3"
        font-weight="400"
      >
        Balance
      </p>
      <h2
        class="c8"
        font-family="RT-Alias-Grotesk"
        font-size="4"
        font-weight="400"
      >
        100
        FIL
      </h2>
    </div>
  </div>
</div>
`;
