// Jest Snapshot v1, https://goo.gl/fbAQLP

exports[`confirmation of newly created multisig it displays the multisig address after the message is confirmed 1`] = `
.c0 {
  min-width: 0;
  box-sizing: border-box;
  padding: 16px;
  display: -webkit-box;
  display: -webkit-flex;
  display: -ms-flexbox;
  display: flex;
  width: 100%;
  min-height: 100vh;
  -webkit-box-pack: center;
  -webkit-justify-content: center;
  -ms-flex-pack: center;
  justify-content: center;
}

.c1 {
  min-width: 0;
  box-sizing: border-box;
  padding: 32px;
}

.c3 {
  min-width: 0;
  box-sizing: border-box;
  border: 0;
  border-radius: 4px;
  border-width: 1px;
  padding: 16px;
  margin-top: 16px;
  margin-bottom: 16px;
  background-color: #EFF3FD;
  display: inline-block;
  width: 100%;
  overflow: hidden;
  max-width: 560px;
  box-shadow: rgba(0,0,0,0.10) 0px 0.7px 2.2px -8px,rgba(0,0,0,0.04) 0px 1.7px 2.4px,rgba(0,0,0,0.106) 0px 3.1px 8.1px,rgba(0,0,0,0.04) 0px 5.6px 12.1px,rgba(0,0,0,0.045) 0px 4.4px 4.8px,rgba(0,0,0,0.05) 0px 15px 41px;
}

.c4 {
  min-width: 0;
  box-sizing: border-box;
  border-width: 0.1875rem;
  border-radius: 8px;
  border-style: solid;
  color: #000;
  display: -webkit-box;
  display: -webkit-flex;
  display: -ms-flexbox;
  display: flex;
  width: 48px;
  height: 48px;
  -webkit-align-items: center;
  -webkit-box-align: center;
  -ms-flex-align: center;
  align-items: center;
  -webkit-box-pack: center;
  -webkit-justify-content: center;
  -ms-flex-pack: center;
  justify-content: center;
}

.c9 {
  min-width: 0;
  box-sizing: border-box;
  display: -webkit-box;
  display: -webkit-flex;
  display: -ms-flexbox;
  display: flex;
  -webkit-box-pack: justify;
  -webkit-justify-content: space-between;
  -ms-flex-pack: justify;
  justify-content: space-between;
}

.c5 {
  font-family: "RT-Alias-Medium","system-ui","Segoe UI","Roboto",Helvetica;
  font-weight: 700;
  font-size: 1.5rem;
}

.c10 {
  cursor: pointer;
  border: 1px solid core.primary;
  background-color: #1AD08F;
  border-color: core.primary;
  color: core.primary;
  font-size: 1.125rem;
  -webkit-transition: 0.18s ease-in-out;
  transition: 0.18s ease-in-out;
  border-radius: 4px;
  margin-right: 8px;
  margin-top: 16px;
  margin-bottom: 16px;
  padding-top: 8px;
  padding-bottom: 8px;
  padding-left: 16px;
  padding-right: 16px;
  display: -webkit-box;
  display: -webkit-flex;
  display: -ms-flexbox;
  display: flex;
  height: 48px;
  -webkit-flex-wrap: wrap;
  -ms-flex-wrap: wrap;
  flex-wrap: wrap;
  -webkit-align-items: center;
  -webkit-box-align: center;
  -ms-flex-align: center;
  align-items: center;
  border-color: #5E26FF;
  border-width: 1px;
  border-radius: 4px;
  background-color: transparent;
  color: #5E26FF;
  opacity: 1;
}

.c10:hover {
  opacity: 0.8;
}

.c2 {
  font-size: 1.5rem;
  font-weight: 400;
  line-height: 1.2;
  font-family: RT-Alias-Grotesk;
  margin: 0;
}

.c8 {
  font-size: 1.125rem;
  font-weight: 400;
  line-height: 1.4;
  font-family: RT-Alias-Grotesk;
}

.c6 {
  color: #666666;
  font-size: 1.125rem;
  font-weight: 400;
  line-height: 1.4;
  font-family: RT-Alias-Grotesk;
  margin-top: 16px;
  margin-bottom: 0;
}

.c7 {
  font-size: 1.125rem;
  font-weight: 400;
  line-height: 1.4;
  font-family: RT-Alias-Grotesk;
  margin-top: 8px;
}

.c11:hover {
  cursor: pointer;
}

<div
  class="c0"
  display="flex"
  width="100%"
>
  <div
    class="c1"
  >
    <h2
      class="c2"
      font-family="RT-Alias-Grotesk"
      font-size="4"
      font-weight="400"
    >
      Your multisig has been created.
    </h2>
    <div
      class="c3"
      display="inline-block"
      overflow="hidden"
      width="100%"
    >
      <div
        class="c4"
        color="#000"
        display="flex"
        size="6"
      >
        <h3
          class="c5"
        >
          Ms
        </h3>
      </div>
      <p
        class="c6"
        color="core.darkgray"
        font-family="RT-Alias-Grotesk"
        font-size="2"
        font-weight="400"
      >
        Your Address
         
      </p>
      <p
        class="c7"
        font-family="RT-Alias-Grotesk"
        font-size="2"
        font-weight="400"
      >
        f2m4f2dv7m35skytoqzsyrh5wqz3kxxfflxsha5za
      </p>
    </div>
    <p
      class="c8"
      font-family="RT-Alias-Grotesk"
      font-size="2"
      font-weight="400"
    >
      What would you like to do?
    </p>
    <div
      class="c9"
      display="flex"
    >
      <button
        class="c10 c11 Confirm___StyledButton-sc-1z08vvm-0 c11"
        color="core.primary"
        display="flex"
        font-size="3"
        height="6"
        opacity="1"
        type="button"
      >
        Go to Multisig home
      </button>
    </div>
  </div>
</div>
`;

exports[`confirmation of newly created multisig it renders message pending UI while the transaction is pending 1`] = `
.c0 {
  min-width: 0;
  box-sizing: border-box;
  padding: 16px;
  display: -webkit-box;
  display: -webkit-flex;
  display: -ms-flexbox;
  display: flex;
  width: 100%;
  min-height: 100vh;
  -webkit-box-pack: center;
  -webkit-justify-content: center;
  -ms-flex-pack: center;
  justify-content: center;
}

.c1 {
  min-width: 0;
  box-sizing: border-box;
  display: -webkit-box;
  display: -webkit-flex;
  display: -ms-flexbox;
  display: flex;
  -webkit-box-pack: center;
  -webkit-justify-content: center;
  -ms-flex-pack: center;
  justify-content: center;
  -webkit-flex-direction: column;
  -ms-flex-direction: column;
  flex-direction: column;
}

.c2 {
  min-width: 0;
  box-sizing: border-box;
  display: -webkit-box;
  display: -webkit-flex;
  display: -ms-flexbox;
  display: flex;
  -webkit-box-pack: center;
  -webkit-justify-content: center;
  -ms-flex-pack: center;
  justify-content: center;
  -webkit-align-items: center;
  -webkit-box-align: center;
  -ms-flex-align: center;
  align-items: center;
}

.c5 {
  font-size: 1.125rem;
  font-weight: 400;
  line-height: 1.4;
  font-family: RT-Alias-Grotesk;
  margin-left: 8px;
}

.c6 {
  font-size: 1.125rem;
  font-weight: 400;
  line-height: 1.4;
  font-family: RT-Alias-Grotesk;
  margin-right: 8px;
}

.c8 {
  font-size: 1.125rem;
  font-weight: 400;
  line-height: 1.4;
  font-family: RT-Alias-Grotesk;
}

.c3 {
  width: 24px;
  height: 24px;
}

.c4 {
  -webkit-animation: WNDHq 4s infinite;
  animation: WNDHq 4s infinite;
}

.c7 {
  -webkit-text-decoration: none;
  text-decoration: none;
  -webkit-transition: 0.18s ease-in-out;
  transition: 0.18s ease-in-out;
  border-bottom: 2px solid #5E26FF00;
  color: #5E26FF;
  font-size: 1.125rem;
}

.c7:hover {
  border-bottom: 2px solid #5E26FF;
}

<div
  class="c0"
  display="flex"
  width="100%"
>
  <div
    class="c1"
    display="flex"
  >
    <div
      class="c2"
      display="flex"
    >
      <svg
        class="c3 c4"
        fill="none"
        height="24px"
        viewBox="0 0 24 24"
        width="24px"
        xmlns="http://www.w3.org/2000/svg"
      >
        <rect
          fill="#FDB221"
          height="24"
          rx="12"
          width="24"
        />
        <mask
          fill="white"
          id="path-2-inside-1"
        >
          <path
            clip-rule="evenodd"
            d="M11.4006 11.9985L7.08534 6.60939C6.88876 6.36388 7.06355 6 7.37806 6H16.6265C16.9411 6 17.1159 6.36388 16.9193 6.60939L12.6017 12.0015L16.9169 17.3906C17.1135 17.6361 16.9387 18 16.6242 18H7.3757C7.06119 18 6.8864 17.6361 7.08298 17.3906L11.4006 11.9985Z"
            fill-rule="evenodd"
          />
        </mask>
        <path
          clip-rule="evenodd"
          d="M11.4006 11.9985L7.08534 6.60939C6.88876 6.36388 7.06355 6 7.37806 6H16.6265C16.9411 6 17.1159 6.36388 16.9193 6.60939L12.6017 12.0015L16.9169 17.3906C17.1135 17.6361 16.9387 18 16.6242 18H7.3757C7.06119 18 6.8864 17.6361 7.08298 17.3906L11.4006 11.9985Z"
          fill="#FDB221"
          fill-rule="evenodd"
        />
        <path
          d="M11.4006 11.9985L12.5715 12.9361L13.3222 11.9985L12.5715 11.061L11.4006 11.9985ZM7.08534 6.60939L5.91446 7.54695L5.91446 7.54695L7.08534 6.60939ZM16.9193 6.60939L15.7484 5.67183L15.7484 5.67183L16.9193 6.60939ZM12.6017 12.0015L11.4308 11.0639L10.6801 12.0015L11.4308 12.939L12.6017 12.0015ZM16.9169 17.3906L15.746 18.3282L15.746 18.3282L16.9169 17.3906ZM7.08298 17.3906L8.25387 18.3282L8.25387 18.3282L7.08298 17.3906ZM12.5715 11.061L8.25623 5.67183L5.91446 7.54695L10.2297 12.9361L12.5715 11.061ZM8.25623 5.67183C8.84599 6.40835 8.32162 7.5 7.37806 7.5V4.5C5.80547 4.5 4.93153 6.31941 5.91446 7.54695L8.25623 5.67183ZM7.37806 7.5H16.6265V4.5H7.37806V7.5ZM16.6265 7.5C15.683 7.5 15.1586 6.40836 15.7484 5.67183L18.0902 7.54695C19.0731 6.3194 18.1991 4.5 16.6265 4.5V7.5ZM15.7484 5.67183L11.4308 11.0639L13.7726 12.939L18.0902 7.54695L15.7484 5.67183ZM11.4308 12.939L15.746 18.3282L18.0878 16.453L13.7726 11.0639L11.4308 12.939ZM15.746 18.3282C15.1563 17.5916 15.6806 16.5 16.6242 16.5V19.5C18.1968 19.5 19.0707 17.6806 18.0878 16.453L15.746 18.3282ZM16.6242 16.5H7.3757V19.5H16.6242V16.5ZM7.3757 16.5C8.31925 16.5 8.84363 17.5916 8.25387 18.3282L5.9121 16.453C4.92916 17.6806 5.80312 19.5 7.3757 19.5V16.5ZM8.25387 18.3282L12.5715 12.9361L10.2297 11.061L5.9121 16.453L8.25387 18.3282Z"
          fill="#444444"
          mask="url(#path-2-inside-1)"
        />
      </svg>
      <p
        class="c5"
        font-family="RT-Alias-Grotesk"
        font-size="2"
        font-weight="400"
      >
        We're waiting for your transaction to confirm.
      </p>
    </div>
    <div
      class="c2"
      display="flex"
    >
      <p
        class="c6"
        font-family="RT-Alias-Grotesk"
        font-size="2"
        font-weight="400"
      >
        With CID: 
      </p>
      <a
        class="c7"
        color="core.primary"
        font-size="2"
        href="https://filfox.info/en/message/bafy2bzaced2godar6dht6ag6omfa53jr6tykygtzskzodqo2k4ngvyou4yct2"
        target="_blank"
      >
        bafy2bzaced2godar6dht6ag6omfa53jr6tykygtzskzodqo2k4ngvyou4yct2
      </a>
      <br />
    </div>
    <p
      class="c8"
      font-family="RT-Alias-Grotesk"
      font-size="2"
      font-weight="400"
    >
      This screen will automatically show you your new Multisig wallet address once the transaction confirms.
    </p>
  </div>
</div>
`;
