// Jest Snapshot v1, https://goo.gl/fbAQLP

exports[`WalletDown it renders the error page 1`] = `
.c0 {
  min-width: 0;
  box-sizing: border-box;
  padding: 24px;
  display: -webkit-box;
  display: -webkit-flex;
  display: -ms-flexbox;
  display: flex;
  width: 100%;
  height: 90vh;
  -webkit-flex-direction: column;
  -ms-flex-direction: column;
  flex-direction: column;
  -webkit-align-items: center;
  -webkit-box-align: center;
  -ms-flex-align: center;
  align-items: center;
  -webkit-box-pack: center;
  -webkit-justify-content: center;
  -ms-flex-pack: center;
  justify-content: center;
}

.c1 {
  min-width: 0;
  box-sizing: border-box;
  display: -webkit-box;
  display: -webkit-flex;
  display: -ms-flexbox;
  display: flex;
  width: 100%;
  -webkit-box-pack: center;
  -webkit-justify-content: center;
  -ms-flex-pack: center;
  justify-content: center;
}

.c2 {
  min-width: 0;
  box-sizing: border-box;
  border: 1px solid;
  border-radius: 4px;
  border-width: 1px;
  border-color: #FC6D6F;
  padding: 16px;
  margin-left: 8px;
  background-color: #FC6D6F;
  color: #660000;
  display: -webkit-box;
  display: -webkit-flex;
  display: -ms-flexbox;
  display: flex;
  width: 100%;
  max-width: 560px;
  min-height: 300px;
  overflow: hidden;
  -webkit-flex-direction: column;
  -ms-flex-direction: column;
  flex-direction: column;
  -webkit-box-pack: justify;
  -webkit-justify-content: space-between;
  -ms-flex-pack: justify;
  justify-content: space-between;
}

.c3 {
  min-width: 0;
  box-sizing: border-box;
}

.c4 {
  min-width: 0;
  box-sizing: border-box;
  border-width: 0.1875rem;
  border-style: solid;
  color: #660000;
  display: -webkit-box;
  display: -webkit-flex;
  display: -ms-flexbox;
  display: flex;
  width: 48px;
  height: 48px;
  -webkit-align-items: center;
  -webkit-box-align: center;
  -ms-flex-align: center;
  align-items: center;
  -webkit-box-pack: center;
  -webkit-justify-content: center;
  -ms-flex-pack: center;
  justify-content: center;
}

.c5 {
  font-family: "RT-Alias-Medium","system-ui","Segoe UI","Roboto",Helvetica;
  font-weight: 700;
  font-size: 1.5rem;
}

.c9 {
  cursor: pointer;
  border: 1px solid #262626;
  background-color: transparent;
  border-color: #262626;
  color: #262626;
  font-size: 1.125rem;
  -webkit-transition: 0.18s ease-in-out;
  transition: 0.18s ease-in-out;
  border-radius: 4px;
  margin-top: 32px;
  padding: 16px;
  border-width: 1px;
  border-radius: 4px;
}

.c9:hover {
  opacity: 0.8;
}

.c6 {
  font-size: 1.5rem;
  font-weight: 400;
  line-height: 1.2;
  font-family: RT-Alias-Grotesk;
  margin: 0;
  margin-top: 24px;
  margin-bottom: 8px;
}

.c7 {
  font-size: 1.25rem;
  font-weight: 400;
  line-height: 1.4;
  font-family: RT-Alias-Grotesk;
}

.c8 {
  -webkit-text-decoration: none;
  text-decoration: none;
  -webkit-transition: 0.18s ease-in-out;
  transition: 0.18s ease-in-out;
  border-bottom: 2px solid #5E26FF00;
  color: #ffffff;
  font-size: 1.25rem;
}

.c8:hover {
  border-bottom: 2px solid #5E26FF;
}

<div
  class="c0"
  display="flex"
  height="90vh"
  width="100%"
>
  <div
    class="c1"
    display="flex"
    width="100%"
  >
    <div
      class="c2"
      color="card.error.foreground"
      display="flex"
      overflow="hidden"
      width="100%"
    >
      <div
        class="c3"
      >
        <div
          class="c4"
          color="status.fail.foreground"
          display="flex"
          size="6"
        >
          <h3
            class="c5"
          >
            Er
          </h3>
        </div>
        <h2
          class="c6"
          font-family="RT-Alias-Grotesk"
          font-size="4"
          font-weight="400"
        >
          Oops! Something went wrong.
        </h2>
        <p
          class="c7"
          font-family="RT-Alias-Grotesk"
          font-size="3"
          font-weight="400"
        >
          We've been notified of the problem.
        </p>
      </div>
      <div
        class="c3"
      >
        <a
          class="c8"
          color="core.white"
          font-size="3"
          href="https://twitter.com/openworklabs"
          rel="noopener"
          target="_blank"
        >
          Follow @openworklabs for updates.
        </a>
      </div>
    </div>
  </div>
  <div
    class="c3"
  >
    <button
      class="c9"
      font-size="3"
      type="button"
    >
      Back
    </button>
  </div>
</div>
`;
